// Jest Snapshot v1, https://goo.gl/fbAQLP

exports[`AddLane component Should render AddLane component 1`] = `
<form
  className="add-form"
  id="add_lane_form"
  onSubmit={[Function]}
>
  <h3
    className="add-form__heading"
  >
    ADD NEW LANE
  </h3>
  <FormInput
    handleChange={[Function]}
    id="add_lane_input"
    label="Lane name"
    maxlength="40"
    name="laneName"
    placeholder="Lane name"
    required={true}
    type="text"
    value=""
  />
  <FormButton
    className="btn btn-main btn-main--gradient u-animation-none u-margin-top-medium"
    type="submit"
  >
    ADD
  </FormButton>
</form>
`;
