// Jest Snapshot v1, https://goo.gl/fbAQLP

exports[`AddBoard component Should render AddBoard component 1`] = `
<AddBoardItemContainer>
  <form
    id="add_board_form"
    onSubmit={[Function]}
  >
    <FormInput
      handleChange={[Function]}
      id="add_board_input"
      label="Add board"
      name="boardName"
      placeholder="Board name"
      type="text"
      value=""
    />
    <FormTextArea
      additionalStylesApplied={true}
      cols={20}
      id="add_board_description"
      name="boardDescription"
      onChange={[Function]}
      placeholder="Board description"
      rows={3}
      value=""
    />
    <FormButton
      type="submit"
    >
      ADD
    </FormButton>
  </form>
</AddBoardItemContainer>
`;
