// Jest Snapshot v1, https://goo.gl/fbAQLP

exports[`BoardItem component Should render BoardItem component 1`] = `
<div
  className="board-item"
  id="board_item"
  onClick={[Function]}
>
  <p
    className="board-item__name"
    id="board_item_name"
  >
    Board1
  </p>
  <p
    className="board-item__description"
  />
</div>
`;
